Component: ARM Compiler 5.06 update 5 (build 528) Tool: armlink [4d35e2]

==============================================================================

Section Cross References

    lab07src.o(MyCode) refers to start.o(Start) for Startup
    lab07src.o(MyCode) refers to lab07src.o(MyConst) for PutPrompt
    lab07src.o(MyCode) refers to lab07src.o(MyData) for QBuffer
    lab07src.o(RESET) refers to start.o(.ARM.__at_0x1FFFFC00) for __initial_sp
    lab07src.o(RESET) refers to lab07src.o(MyCode) for Reset_Handler
    lab07src.o(RESET) refers to start.o(Start) for Dummy_Handler


==============================================================================

Image Symbol Table

    Local Symbols

    Symbol Name                              Value     Ov Type        Size  Object(Section)

    RESET                                    0x00000000   Section      192  lab07src.o(RESET)
    Start.s                                  0x00000000   Number         0  start.o ABSOLUTE
    lab07src.s                               0x00000000   Number         0  lab07src.o ABSOLUTE
    .ARM.__at_0xC0                           0x000000c0   Section       64  start.o(.ARM.__at_0xC0)
    Start                                    0x00000100   Section      200  start.o(Start)
    SystemInit                               0x0000010f   Thumb Code    54  start.o(Start)
    SetClock48MHz                            0x00000145   Thumb Code    82  start.o(Start)
    MyConst                                  0x000001c8   Section      164  lab07src.o(MyConst)
    PutPrompt                                0x000001c8   Data          32  lab07src.o(MyConst)
    SuccessPrompt                            0x000001e8   Data          10  lab07src.o(MyConst)
    FailurePrompt                            0x000001f2   Data          10  lab07src.o(MyConst)
    EnqueuePrompt                            0x000001fc   Data          23  lab07src.o(MyConst)
    HelpPrompt                               0x00000213   Data          58  lab07src.o(MyConst)
    StatusPrompt                             0x0000024d   Data           9  lab07src.o(MyConst)
    PrintInHex                               0x00000256   Data           6  lab07src.o(MyConst)
    PrintOutHex                              0x0000025c   Data           7  lab07src.o(MyConst)
    PrintNum                                 0x00000263   Data           5  lab07src.o(MyConst)
    Spaces                                   0x00000268   Data           4  lab07src.o(MyConst)
    .ARM.__at_0x400                          0x00000400   Section       16  start.o(.ARM.__at_0x400)
    MyCode                                   0x00000410   Section     1108  lab07src.o(MyCode)
    StatusC                                  0x0000052d   Thumb Code    64  lab07src.o(MyCode)
    PutChar                                  0x0000056d   Thumb Code    18  lab07src.o(MyCode)
    GetChar                                  0x0000057f   Thumb Code    18  lab07src.o(MyCode)
    PutStringSB                              0x000005cf   Thumb Code    26  lab07src.o(MyCode)
    InitQueue                                0x000005e9   Thumb Code    28  lab07src.o(MyCode)
    Dequeue                                  0x00000605   Thumb Code    70  lab07src.o(MyCode)
    Enqueue                                  0x0000064b   Thumb Code    72  lab07src.o(MyCode)
    PutNumHex                                0x00000693   Thumb Code    48  lab07src.o(MyCode)
    PutNumU                                  0x000006d1   Thumb Code    58  lab07src.o(MyCode)
    DIVU                                     0x0000070b   Thumb Code    54  lab07src.o(MyCode)
    Init_UART0_Polling                       0x00000741   Thumb Code   108  lab07src.o(MyCode)
    NewLine                                  0x000007ad   Thumb Code    18  lab07src.o(MyCode)
    .ARM.__at_0x1FFFFC00                     0x1ffffc00   Section      256  start.o(.ARM.__at_0x1FFFFC00)
    MyData                                   0x1ffffd00   Section      104  lab07src.o(MyData)
    QBuffer                                  0x1ffffd00   Data           4  lab07src.o(MyData)
    QRecord                                  0x1ffffd04   Data          18  lab07src.o(MyData)
    putUvar                                  0x1ffffd65   Data           2  lab07src.o(MyData)

    Global Symbols

    Symbol Name                              Value     Ov Type        Size  Object(Section)

    BuildAttributes$$THM_ISAv3M$S$PE$A:L22$X:L11$S22$IEEE1$IW$USESV6$~STKCKD$USESV7$~SHL$OSPACE$EBA8$STANDARDLIB$EABIv2 0x00000000   Number         0  anon$$obj.o ABSOLUTE
    __Vectors                                0x00000000   Data           0  lab07src.o(RESET)
    __Vectors_End                            0x000000c0   Data           0  lab07src.o(RESET)
    __Vectors_Size                           0x000000c0   Number         0  lab07src.o ABSOLUTE
    Startup                                  0x00000101   Thumb Code    14  start.o(Start)
    Dummy_Handler                            0x00000199   Thumb Code     2  start.o(Start)
    HardFault_Handler                        0x00000199   Thumb Code     0  start.o(Start)
    Reset_Handler                            0x00000411   Thumb Code   284  lab07src.o(MyCode)
    __initial_sp                             0x1ffffd00   Data           0  start.o(.ARM.__at_0x1FFFFC00)



==============================================================================

Memory Map of the image

  Image Entry point : 0x00000411

  Load Region LR_1 (Base: 0x00000000, Size: 0x000009cc, Max: 0xffffffff, ABSOLUTE)

    Execution Region ER_RO (Exec base: 0x00000000, Load base: 0x00000000, Size: 0x00000864, Max: 0xffffffff, ABSOLUTE)

    Exec Addr    Load Addr    Size         Type   Attr      Idx    E Section Name        Object

    0x00000000   0x00000000   0x000000c0   Data   RO            2    RESET               lab07src.o
    0x000000c0   0x000000c0   0x00000040   Data   RO           11    .ARM.__at_0xC0      start.o
    0x00000100   0x00000100   0x000000c8   Code   RO           10    Start               start.o
    0x000001c8   0x000001c8   0x000000a4   Data   RO            3    MyConst             lab07src.o
    0x0000026c   0x0000026c   0x00000194   PAD
    0x00000400   0x00000400   0x00000010   Code   RO           12    .ARM.__at_0x400     start.o
    0x00000410   0x00000410   0x00000454   Code   RO            1  * MyCode              lab07src.o


    Execution Region ER_RW (Exec base: 0x1ffffc00, Load base: 0x00000864, Size: 0x00000168, Max: 0xffffffff, ABSOLUTE)

    Exec Addr    Load Addr    Size         Type   Attr      Idx    E Section Name        Object

    0x1ffffc00   0x00000864   0x00000100   Data   RW           13    .ARM.__at_0x1FFFFC00  start.o
    0x1ffffd00   0x00000964   0x00000068   Data   RW            4    MyData              lab07src.o


    Execution Region ER_ZI (Exec base: 0x1ffffd68, Load base: 0x000009cc, Size: 0x00000000, Max: 0xffffffff, ABSOLUTE)

    **** No section assigned to this execution region ****


==============================================================================

Image component sizes


      Code (inc. data)   RO Data    RW Data    ZI Data      Debug   Object Name

      1108        166        356        104          0       1500   lab07src.o
       216         64         64        256          0        752   start.o

    ----------------------------------------------------------------------
      1324        230        824        360          0       2252   Object Totals
         0          0          0          0          0          0   (incl. Generated)
         0          0        404          0          0          0   (incl. Padding)

    ----------------------------------------------------------------------
         0          0          0          0          0          0   Library Totals
         0          0          0          0          0          0   (incl. Padding)

    ----------------------------------------------------------------------

==============================================================================


      Code (inc. data)   RO Data    RW Data    ZI Data      Debug   

      1324        230        824        360          0       2148   Grand Totals
      1324        230        824        360          0       2148   ELF Image Totals
      1324        230        824        360          0          0   ROM Totals

==============================================================================

    Total RO  Size (Code + RO Data)                 2148 (   2.10kB)
    Total RW  Size (RW Data + ZI Data)               360 (   0.35kB)
    Total ROM Size (Code + RO Data + RW Data)       2508 (   2.45kB)

==============================================================================

