Component: ARM Compiler 5.06 update 5 (build 528) Tool: armlink [4d35e2]

==============================================================================

Section Cross References

    lab10src.o(MyCode) refers to start.o(Start) for Startup
    lab10src.o(MyCode) refers to lab10src.o(MyData) for RunStopWatch
    lab10src.o(MyCode) refers to lab10src.o(MyConst) for MainPromptw
    lab10src.o(RESET) refers to start.o(.ARM.__at_0x1FFFFC00) for __initial_sp
    lab10src.o(RESET) refers to lab10src.o(MyCode) for Reset_Handler
    lab10src.o(RESET) refers to start.o(Start) for Dummy_Handler


==============================================================================

Image Symbol Table

    Local Symbols

    Symbol Name                              Value     Ov Type        Size  Object(Section)

    RESET                                    0x00000000   Section      192  lab10src.o(RESET)
    MKL05Z4.s                                0x00000000   Number         0  mkl05z4.o ABSOLUTE
    Start.s                                  0x00000000   Number         0  start.o ABSOLUTE
    lab10SRC.s                               0x00000000   Number         0  lab10src.o ABSOLUTE
    .ARM.__at_0xC0                           0x000000c0   Section       64  start.o(.ARM.__at_0xC0)
    Start                                    0x00000100   Section      200  start.o(Start)
    SystemInit                               0x0000010f   Thumb Code    54  start.o(Start)
    SetClock48MHz                            0x00000145   Thumb Code    82  start.o(Start)
    MyConst                                  0x000001c8   Section      184  lab10src.o(MyConst)
    MainPromptw                              0x000001c8   Data          44  lab10src.o(MyConst)
    HelpPrompt                               0x00000224   Data          40  lab10src.o(MyConst)
    PrintDCase                               0x00000270   Data           9  lab10src.o(MyConst)
    Spaces                                   0x0000027c   Data           4  lab10src.o(MyConst)
    .ARM.__at_0x400                          0x00000400   Section       16  start.o(.ARM.__at_0x400)
    MyCode                                   0x00000410   Section     1144  lab10src.o(MyCode)
    Init_UART0_IRQ                           0x000004ad   Thumb Code   152  lab10src.o(MyCode)
    GetChar                                  0x00000545   Thumb Code    16  lab10src.o(MyCode)
    PutChar                                  0x00000555   Thumb Code    22  lab10src.o(MyCode)
    PutNumU                                  0x000005a9   Thumb Code    58  lab10src.o(MyCode)
    DIVU                                     0x000005e3   Thumb Code    54  lab10src.o(MyCode)
    PutStringSB                              0x00000649   Thumb Code    30  lab10src.o(MyCode)
    NewLine                                  0x00000667   Thumb Code    16  lab10src.o(MyCode)
    InitQueue                                0x00000677   Thumb Code    22  lab10src.o(MyCode)
    UART0_ISR                                0x0000068d   Thumb Code    78  lab10src.o(MyCode)
    Dequeue                                  0x000006db   Thumb Code    70  lab10src.o(MyCode)
    Enqueue                                  0x00000721   Thumb Code    76  lab10src.o(MyCode)
    Init_PIT_IRQ                             0x0000076d   Thumb Code    62  lab10src.o(MyCode)
    PIT_ISR                                  0x000007ab   Thumb Code    28  lab10src.o(MyCode)
    .ARM.__at_0x1FFFFC00                     0x1ffffc00   Section      256  start.o(.ARM.__at_0x1FFFFC00)
    MyData                                   0x1ffffd00   Section      476  lab10src.o(MyData)
    putUvar                                  0x1ffffd65   Data           2  lab10src.o(MyData)
    Count                                    0x1ffffd68   Data           8  lab10src.o(MyData)
    RunStopWatch                             0x1ffffd70   Data           1  lab10src.o(MyData)
    RxQBuffer                                0x1ffffe14   Data          80  lab10src.o(MyData)
    RxQRecord                                0x1ffffe64   Data          18  lab10src.o(MyData)
    TxQBuffer                                0x1ffffe78   Data          80  lab10src.o(MyData)
    TxQRecord                                0x1ffffec8   Data          18  lab10src.o(MyData)

    Global Symbols

    Symbol Name                              Value     Ov Type        Size  Object(Section)

    BuildAttributes$$THM_ISAv3M$S$PE$A:L22$X:L11$S22$IEEE1$IW$USESV6$~STKCKD$USESV7$~SHL$OSPACE$EBA8$STANDARDLIB$EABIv2 0x00000000   Number         0  anon$$obj.o ABSOLUTE
    __Vectors                                0x00000000   Data           0  lab10src.o(RESET)
    __Vectors_End                            0x000000c0   Data           0  lab10src.o(RESET)
    __Vectors_Size                           0x000000c0   Number         0  lab10src.o ABSOLUTE
    Startup                                  0x00000101   Thumb Code    14  start.o(Start)
    Dummy_Handler                            0x00000199   Thumb Code     2  start.o(Start)
    HardFault_Handler                        0x00000199   Thumb Code     0  start.o(Start)
    Reset_Handler                            0x00000411   Thumb Code   156  lab10src.o(MyCode)
    __initial_sp                             0x1ffffd00   Data           0  start.o(.ARM.__at_0x1FFFFC00)



==============================================================================

Memory Map of the image

  Image Entry point : 0x00000411

  Load Region LR_1 (Base: 0x00000000, Size: 0x00000b64, Max: 0xffffffff, ABSOLUTE)

    Execution Region ER_RO (Exec base: 0x00000000, Load base: 0x00000000, Size: 0x00000888, Max: 0xffffffff, ABSOLUTE)

    Exec Addr    Load Addr    Size         Type   Attr      Idx    E Section Name        Object

    0x00000000   0x00000000   0x000000c0   Data   RO            2    RESET               lab10src.o
    0x000000c0   0x000000c0   0x00000040   Data   RO           11    .ARM.__at_0xC0      start.o
    0x00000100   0x00000100   0x000000c8   Code   RO           10    Start               start.o
    0x000001c8   0x000001c8   0x000000b8   Data   RO            3    MyConst             lab10src.o
    0x00000280   0x00000280   0x00000180   PAD
    0x00000400   0x00000400   0x00000010   Code   RO           12    .ARM.__at_0x400     start.o
    0x00000410   0x00000410   0x00000478   Code   RO            1  * MyCode              lab10src.o


    Execution Region ER_RW (Exec base: 0x1ffffc00, Load base: 0x00000888, Size: 0x000002dc, Max: 0xffffffff, ABSOLUTE)

    Exec Addr    Load Addr    Size         Type   Attr      Idx    E Section Name        Object

    0x1ffffc00   0x00000888   0x00000100   Data   RW           13    .ARM.__at_0x1FFFFC00  start.o
    0x1ffffd00   0x00000988   0x000001dc   Data   RW            4    MyData              lab10src.o


    Execution Region ER_ZI (Exec base: 0x1ffffedc, Load base: 0x00000b64, Size: 0x00000000, Max: 0xffffffff, ABSOLUTE)

    **** No section assigned to this execution region ****


==============================================================================

Image component sizes


      Code (inc. data)   RO Data    RW Data    ZI Data      Debug   Object Name

      1144        194        376        476          0       1584   lab10src.o
       216         64         64        256          0        776   start.o

    ----------------------------------------------------------------------
      1360        258        824        732          0       2360   Object Totals
         0          0          0          0          0          0   (incl. Generated)
         0          0        384          0          0          0   (incl. Padding)

    ----------------------------------------------------------------------
         0          0          0          0          0          0   Library Totals
         0          0          0          0          0          0   (incl. Padding)

    ----------------------------------------------------------------------

==============================================================================


      Code (inc. data)   RO Data    RW Data    ZI Data      Debug   

      1360        258        824        732          0       2256   Grand Totals
      1360        258        824        732          0       2256   ELF Image Totals
      1360        258        824        732          0          0   ROM Totals

==============================================================================

    Total RO  Size (Code + RO Data)                 2184 (   2.13kB)
    Total RW  Size (RW Data + ZI Data)               732 (   0.71kB)
    Total ROM Size (Code + RO Data + RW Data)       2916 (   2.85kB)

==============================================================================

